Microsoft (R) Roslyn C# Compiler version 1.3.3.60707
Loading context from 'CSharpInteractive.rsp'.
Type "#help" for more information.
> var inputString = "GATGGAACTTGACTACGTAAATT";
> inputString
"GATGGAACTTGACTACGTAAATT"
> char c = 'a';
> c
'a'
> for (var i = 0; i < inputString.Length; i++)
. {
.     Console.WriteLine(inputString[i]);
. }
G
A
T
G
G
A
A
C
T
T
G
A
C
T
A
C
G
T
A
A
A
T
T
> for (var i = 0; i < inputString.Length; i--)
. {
.     Console.WriteLine(inputString[i]);
. }
G
De index ligt buiten de matrixgrenzen.
  + string.get_Chars(int)
> for (var i = 0; i < inputString.Length; i++)
. {
.     Console.Write(inputString[inputString.Length - 1 - i]);
. }
. _
. 
. 
. 
(5,1): error CS0103: The name '_' does not exist in the current context
> for (var i = 0; i < inputString.Length; i++)
. {
.     Console.Write(inputString[inputString.Length - 1 - i]);
. }
TTAAATGCATCAGTTCAAGGTAG
> for (var i = inputString.Length - 1; i >= 0; i--)
. {
.     Console.Write(inputString[i]);
. }
TTAAATGCATCAGTTCAAGGTAG
> string outputString = "";
. for (var i = inputString.Length - 1; i >= 0; i--)
. {
.     outputString += inputString[i];
. }
. Console.WriteLine(outputString);
TTAAATGCATCAGTTCAAGGTAG
> outputString
"TTAAATGCATCAGTTCAAGGTAG"
> string DraaiStringOm(string inputString)
. {
.     string outputString = "";
.     for (var i = inputString.Length - 1; i >= 0; i--)
.     {
.         outputString += inputString[i];
.     }
.     return outputString;
. }
> Console.WriteLine(DraaiStringOm(inputString));
. Console.WriteLine(DraaiStringOm("Liam"));
TTAAATGCATCAGTTCAAGGTAG
maiL
> Console.WriteLine(DraaiStringOm("Timour"))
ruomiT
> Console.WriteLine(DraaiStringOm("Maxim"))
mixaM
> Console.WriteLine(DraaiStringOm("allah"));
halla
> class StaticStringTools
. {
.     public static string DraaiStringOm(string inputString)
.     {
.         string outputString = "";
.         for (var i = inputString.Length - 1; i >= 0; i--)
.         {
.             outputString += inputString[i];
.         }
.         return outputString;
.     }
. }
> Console.WriteLine(StaticStringTools.DraaiStringOm("liaM"));
Mail
> class StringTools
. {
.     public string DraaiStringOm(string inputString)
.     {
.         string outputString = "";
.         for (var i = inputString.Length - 1; i >= 0; i--)
.         {
.             outputString += inputString[i];
.         }
.         return outputString;
.     }
. }
> StringTools st = new StringTools();
> st.DraaiStringOm("maiL")
"Liam"
> foreach (var ch in inputString)
. {
.     Console.WriteLine(ch);
. }
G
A
T
G
G
A
A
C
T
T
G
A
C
T
A
C
G
T
A
A
A
T
T
> string outputString = "";
. foreach (var ch in inputString)
. {
.     Console.WriteLine(ch);
. }
G
A
T
G
G
A
A
C
T
T
G
A
C
T
A
C
G
T
A
A
A
T
T
> string outputString = "";
. foreach (var ch in inputString)
. {
.     if (ch == 'T') outputString += 'U';
.     else outputString += ch;
. }
> string outputString = "GATGGAACTTGACTACGTAAATT";
. foreach (var ch in inputString)
. {
.     if (ch == 'T') outputString += 'U';
.     else outputString += ch;
. }
> 
> 
> 
> 
> 
> 